The ''0-add_integer'' module
============================

Import the function:
>>> add_integer = __import__('0-add_integer').add_integer

Begin Testing:
>>> add_integer(1, 2)
3

>>> add_integer(8.2, 9.1)
17

>>> add_integer(8)
106

>>> add_integer(10, -4)
6

>>> add_integer(-90, -10)
-100

>>> add_integer(9.1, 2)
11

>>> add_integer(3, "Number")
Traceback (most recent call last):
TypeError: b must be an integer

>>> add_integer("James")
Traceback (most recent call last):
TypeError: a must be an integer

>>> add_integer(None)
Traceback (most recent call last):
TypeError: a must be an integer

>>> add_integer()
Traceback (most recent call last):
TypeError: add_integer() missing 1 required positional argument: 'a'

>>> add_integer(float("inf"))
Traceback (most recent call last):
OverflowError: cannot convert float infinity to integer

>>> add_integer(float("nan"))
Traceback (most recent call last):
ValueError: cannot convert float NaN to integer
