The ''5-text_indentation'' module
=================================

Import function:
>>> text_indentation = __import__('5-text_indentation').text_indentation

Begin Testing:
>>> text_indentation("Hello World.")
Hello World.
<BLANKLINE>

>>> text_indentation("Hello People. This is: Sheila speaking!")
Hello People.
<BLANKLINE>
This is:
<BLANKLINE>
Sheila speaking!

>>> text_indentation("Hello...")
Hello.
<BLANKLINE>
.
<BLANKLINE>
.
<BLANKLINE>

>>> text_indentation()
Traceback (most recent call last):
TypeError: text_indentation() missing 1 required positional argument: 'text'

>>> text_indentation(89)
Traceback (most recent call last):
TypeError: text must be a string

>>> text_indentation("Hello\n\nWorld.")
Hello
<BLANKLINE>
World.
<BLANKLINE>

>>> text_indentation("")

>>> text_indentation("Hello")
Hello

